global @constructed : i32 [binding=strong, object=_Z11constructed] = 0
global @destroyed : i32 [binding=strong, object=_Z9destroyed] = 0

function @observed() -> i32 [unwind=no, binding=strong, object=_Z8observedv] {
  block ^entry:
    %t1 = load i32 @constructed
    %t2 = binary mul i32 %t1, 10
    %t3 = load i32 @destroyed
    %t4 = binary add i32 %t2, %t3
    return i32 %t4
}
function @main() -> i32 [role=entry, binding=strong, keep_alias=yes] {
  slot $elements : obj<3x1>
  slot $cond__1 : i32

  block ^entry:
    %t1 = addr $elements
    %t2 = unary decay ptr %t1
    %t3 = index i8 [projection=array_element] %t2, 0
    call void @Element__Element(%t3)
    %t4 = addr $elements
    %t5 = unary decay ptr %t4
    %t6 = index i8 [projection=array_element] %t5, 1
    call void @Element__Element(%t6)
    %t7 = addr $elements
    %t8 = unary decay ptr %t7
    %t9 = index i8 [projection=array_element] %t8, 2
    call void @Element__Element(%t9)
    %t10 = call i32 @observed()
    %t11 = cmp ne i32 %t10, 30
    branch %t11, ^if_then_1, ^if_else_2

  block ^if_then_1:
    %t12 = addr $elements
    %t13 = unary decay ptr %t12
    %t14 = index i8 [projection=array_element] %t13, 2
    call void @Element___Element(%t14)
    %t15 = index i8 [projection=array_element] %t13, 1
    call void @Element___Element(%t15)
    %t16 = index i8 [projection=array_element] %t13, 0
    call void @Element___Element(%t16)
    return i32 1

  block ^if_else_2:
    jump ^if_end_3

  block ^if_end_3:
    %t17 = addr $elements
    %t18 = unary decay ptr %t17
    %t19 = index i8 [projection=array_element] %t18, 2
    call void @Element___Element(%t19)
    %t20 = index i8 [projection=array_element] %t18, 1
    call void @Element___Element(%t20)
    %t21 = index i8 [projection=array_element] %t18, 0
    call void @Element___Element(%t21)
    %t22 = call i32 @observed()
    %t23 = cmp eq i32 %t22, 33
    branch %t23, ^cond_then_4, ^cond_else_5

  block ^cond_then_4:
    store i32 0, $cond__1
    jump ^cond_end_6

  block ^cond_else_5:
    store i32 2, $cond__1
    jump ^cond_end_6

  block ^cond_end_6:
    %t24 = load i32 $cond__1
    return i32 %t24
}
function @Element__Element(%this : ptr) -> void [unwind=no, binding=weak, object=_ZN7ElementC1Ev] {
  slot $this : ptr

  block ^entry:
    store ptr %this, $this
    %t1 = load i32 @constructed
    %t2 = binary add i32 %t1, 1
    store i32 %t2, @constructed
    return void
}
function @Element___Element(%this : ptr) -> void [unwind=no, binding=weak, object=_ZN7ElementD1Ev] {
  slot $this : ptr

  block ^entry:
    store ptr %this, $this
    %t1 = load i32 @destroyed
    %t2 = binary add i32 %t1, 1
    store i32 %t2, @destroyed
    return void
}
alias object _ZN7ElementC2Ev = @Element__Element
alias object _ZN7ElementD2Ev = @Element___Element
