function @a__f() -> i32 [linkage=c, binding=internal, object=_ZN1a1fEv] {
  block ^entry:
    return i32 1
}
function @b__f() -> i32 [linkage=c, binding=internal, object=_ZN1b1fEv] {
  block ^entry:
    return i32 2
}
function @main() -> i32 [role=entry, binding=strong, keep_alias=yes] {
  block ^entry:
    %t1 = call i32 @a__f()
    %t2 = call i32 @b__f()
    %t3 = binary add i32 %t1, %t2
    %t4 = cmp ne i32 %t3, 3
    %t5 = convert trunc u8 i64 %t4
    %t6 = convert zext i32 u8 %t5
    return i32 %t6
}
