1 translation units
start translation unit 1
translation-unit
  function-definition
    decl-specifier-seq
      decl-specifier KW_VOID:void
    declarator
      identifier f
      parameter-clause
        parameter-declaration
          decl-specifier-seq
            decl-specifier KW_INT:int
          declarator
            ptr-operator OP_STAR:*
            identifier p
        parameter-declaration
          decl-specifier-seq
            decl-specifier KW_INT:int
          declarator
            ptr-operator OP_STAR:*
            identifier q
    compound-statement
      expression-statement
        delete-expression
          global-scope
          id-expression p
      expression-statement
        delete-expression
          global-scope
          array-delete
          id-expression q
end translation unit
